[    0.000000] Initializing cgroup subsys cpuset
[    0.000000] Initializing cgroup subsys cpu
[    0.000000] Initializing cgroup subsys cpuacct
[    0.000000] Linux version 4.4.0-170-generic (buildd@lcy01-amd64-019) (gcc version 5.4.0 20160609 (Ubuntu 5.4.0-6ubuntu1~16.04.12) ) #199-Ubuntu SMP Thu Nov 14 01:45:04 UTC 2019 (Ubuntu 4.4.0-170.199-generic 4.4.200)
[    0.000000] Command line: BOOT_IMAGE=/boot/vmlinuz-4.4.0-170-generic root=LABEL=cloudimg-rootfs ro console=tty1 console=ttyS0
[    0.000000] KERNEL supported cpus:
[    0.000000]   Intel GenuineIntel
[    0.000000]   AMD AuthenticAMD
[    0.000000]   Centaur CentaurHauls
[    0.000000] x86/fpu: xstate_offset[2]:  576, xstate_sizes[2]:  256
[    0.000000] x86/fpu: Supporting XSAVE feature 0x01: 'x87 floating point registers'
[    0.000000] x86/fpu: Supporting XSAVE feature 0x02: 'SSE registers'
[    0.000000] x86/fpu: Supporting XSAVE feature 0x04: 'AVX registers'
[    0.000000] x86/fpu: Enabled xstate features 0x7, context size is 832 bytes, using 'standard' format.
[    0.000000] e820: BIOS-provided physical RAM map:
[    0.000000] BIOS-e820: [mem 0x0000000000000000-0x000000000009fbff] usable
[    0.000000] BIOS-e820: [mem 0x000000000009fc00-0x000000000009ffff] reserved
[    0.000000] BIOS-e820: [mem 0x00000000000f0000-0x00000000000fffff] reserved
[    0.000000] BIOS-e820: [mem 0x0000000000100000-0x000000003ffeffff] usable
[    0.000000] BIOS-e820: [mem 0x000000003fff0000-0x000000003fffffff] ACPI data
[    0.000000] BIOS-e820: [mem 0x00000000fec00000-0x00000000fec00fff] reserved
[    0.000000] BIOS-e820: [mem 0x00000000fee00000-0x00000000fee00fff] reserved
[    0.000000] BIOS-e820: [mem 0x00000000fffc0000-0x00000000ffffffff] reserved
[    0.000000] NX (Execute Disable) protection: active
[    0.000000] SMBIOS 2.5 present.
[    0.000000] Hypervisor detected: KVM
[    0.000000] e820: last_pfn = 0x3fff0 max_arch_pfn = 0x400000000
[    0.000000] MTRR: Disabled
[    0.000000] x86/PAT: MTRRs disabled, skipping PAT initialization too.
[    0.000000] CPU MTRRs all blank - virtualized system.
[    0.000000] x86/PAT: Configuration [0-7]: WB  WT  UC- UC  WB  WT  UC- UC  
[    0.000000] found SMP MP-table at [mem 0x0009fff0-0x0009ffff] mapped at [ffff88000009fff0]
[    0.000000] Scanning 1 areas for low memory corruption
[    0.000000] RAMDISK: [mem 0x362fa000-0x37174fff]
[    0.000000] ACPI: Early table checksum verification disabled
[    0.000000] ACPI: RSDP 0x00000000000E0000 000024 (v02 VBOX  )
[    0.000000] ACPI: XSDT 0x000000003FFF0030 00003C (v01 VBOX   VBOXXSDT 00000001 ASL  00000061)
[    0.000000] ACPI: FACP 0x000000003FFF00F0 0000F4 (v04 VBOX   VBOXFACP 00000001 ASL  00000061)
[    0.000000] ACPI: DSDT 0x000000003FFF0470 0022EA (v02 VBOX   VBOXBIOS 00000002 INTL 20100528)
[    0.000000] ACPI: FACS 0x000000003FFF0200 000040
[    0.000000] ACPI: FACS 0x000000003FFF0200 000040
[    0.000000] ACPI: APIC 0x000000003FFF0240 00005C (v02 VBOX   VBOXAPIC 00000001 ASL  00000061)
[    0.000000] ACPI: SSDT 0x000000003FFF02A0 0001CC (v01 VBOX   VBOXCPUT 00000002 INTL 20100528)
[    0.000000] No NUMA configuration found
[    0.000000] Faking a node at [mem 0x0000000000000000-0x000000003ffeffff]
[    0.000000] NODE_DATA(0) allocated [mem 0x3ffeb000-0x3ffeffff]
[    0.000000] kvm-clock: Using msrs 4b564d01 and 4b564d00
[    0.000000] kvm-clock: cpu 0, msr 0:3ffe3001, primary cpu clock
[    0.000000] kvm-clock: using sched offset of 3986423846 cycles
[    0.000000] clocksource: kvm-clock: mask: 0xffffffffffffffff max_cycles: 0x1cd42e4dffb, max_idle_ns: 881590591483 ns
[    0.000000] Zone ranges:
[    0.000000]   DMA      [mem 0x0000000000001000-0x0000000000ffffff]
[    0.000000]   DMA32    [mem 0x0000000001000000-0x000000003ffeffff]
[    0.000000]   Normal   empty
[    0.000000]   Device   empty
[    0.000000] Movable zone start for each node
[    0.000000] Early memory node ranges
[    0.000000]   node   0: [mem 0x0000000000001000-0x000000000009efff]
[    0.000000]   node   0: [mem 0x0000000000100000-0x000000003ffeffff]
[    0.000000] Initmem setup node 0 [mem 0x0000000000001000-0x000000003ffeffff]
[    0.000000] ACPI: PM-Timer IO Port: 0x4008
[    0.000000] IOAPIC[0]: apic_id 2, version 32, address 0xfec00000, GSI 0-23
[    0.000000] ACPI: INT_SRC_OVR (bus 0 bus_irq 0 global_irq 2 dfl dfl)
[    0.000000] ACPI: INT_SRC_OVR (bus 0 bus_irq 9 global_irq 9 low level)
[    0.000000] Using ACPI (MADT) for SMP configuration information
[    0.000000] smpboot: Allowing 2 CPUs, 0 hotplug CPUs
[    0.000000] PM: Registered nosave memory: [mem 0x00000000-0x00000fff]
[    0.000000] PM: Registered nosave memory: [mem 0x0009f000-0x0009ffff]
[    0.000000] PM: Registered nosave memory: [mem 0x000a0000-0x000effff]
[    0.000000] PM: Registered nosave memory: [mem 0x000f0000-0x000fffff]
[    0.000000] e820: [mem 0x40000000-0xfebfffff] available for PCI devices
[    0.000000] Booting paravirtualized kernel on KVM
[    0.000000] clocksource: refined-jiffies: mask: 0xffffffff max_cycles: 0xffffffff, max_idle_ns: 7645519600211568 ns
[    0.000000] setup_percpu: NR_CPUS:512 nr_cpumask_bits:512 nr_cpu_ids:2 nr_node_ids:1
[    0.000000] PERCPU: Embedded 33 pages/cpu @ffff88003fc00000 s95448 r8192 d31528 u1048576
[    0.000000] Built 1 zonelists in Node order, mobility grouping on.  Total pages: 257912
[    0.000000] Policy zone: DMA32
[    0.000000] Kernel command line: BOOT_IMAGE=/boot/vmlinuz-4.4.0-170-generic root=LABEL=cloudimg-rootfs ro console=tty1 console=ttyS0
[    0.000000] PID hash table entries: 4096 (order: 3, 32768 bytes)
[    0.000000] Memory: 997728K/1048120K available (8626K kernel code, 1336K rwdata, 4036K rodata, 1488K init, 1288K bss, 50392K reserved, 0K cma-reserved)
[    0.000000] SLUB: HWalign=64, Order=0-3, MinObjects=0, CPUs=2, Nodes=1
[    0.000000] Kernel/User page tables isolation: enabled
[    0.000000] Hierarchical RCU implementation.
[    0.000000] 	Build-time adjustment of leaf fanout to 64.
[    0.000000] 	RCU restricting CPUs from NR_CPUS=512 to nr_cpu_ids=2.
[    0.000000] RCU: Adjusting geometry for rcu_fanout_leaf=64, nr_cpu_ids=2
[    0.000000] NR_IRQS:33024 nr_irqs:440 16
[    0.000000] Console: colour VGA+ 80x25
[    0.000000] console [tty1] enabled
[    0.000000] console [ttyS0] enabled
[    0.000000] tsc: Detected 2712.000 MHz processor
[    0.219554] Calibrating delay loop (skipped) preset value.. 5424.00 BogoMIPS (lpj=10848000)
[    0.222164] pid_max: default: 32768 minimum: 301
[    0.223477] ACPI: Core revision 20150930
[    0.226926] ACPI: 2 ACPI AML tables successfully acquired and loaded
[    0.228840] Security Framework initialized
[    0.230104] Yama: becoming mindful.
[    0.231277] AppArmor: AppArmor initialized
[    0.232616] Dentry cache hash table entries: 131072 (order: 8, 1048576 bytes)
[    0.237672] Inode-cache hash table entries: 65536 (order: 7, 524288 bytes)
[    0.239366] Mount-cache hash table entries: 2048 (order: 2, 16384 bytes)
[    0.240896] Mountpoint-cache hash table entries: 2048 (order: 2, 16384 bytes)
[    0.242750] Initializing cgroup subsys io
[    0.243873] Initializing cgroup subsys memory
[    0.244986] Initializing cgroup subsys devices
[    0.246111] Initializing cgroup subsys freezer
[    0.247265] Initializing cgroup subsys net_cls
[    0.248386] Initializing cgroup subsys perf_event
[    0.249548] Initializing cgroup subsys net_prio
[    0.250702] Initializing cgroup subsys hugetlb
[    0.251848] Initializing cgroup subsys pids
[    0.254710] mce: CPU supports 0 MCE banks
[    0.255793] Last level iTLB entries: 4KB 64, 2MB 8, 4MB 8
[    0.257095] Last level dTLB entries: 4KB 64, 2MB 0, 4MB 0, 1GB 4
[    0.258494] Spectre V1 : Mitigation: usercopy/swapgs barriers and __user pointer sanitization
[    0.260704] Spectre V2 : Mitigation: Full generic retpoline
[    0.262137] Spectre V2 : Spectre v2 / SpectreRSB mitigation: Filling RSB on context switch
[    0.264555] Speculative Store Bypass: Vulnerable
[    0.265949] MDS: Vulnerable: Clear CPU buffers attempted, no microcode
[    0.271285] Freeing SMP alternatives memory: 36K
[    0.279973] ftrace: allocating 32302 entries in 127 pages
[    0.357431] smpboot: APIC(0) Converting physical 0 to logical package 0
[    0.359037] smpboot: Max logical packages: 1
[    0.360512] x2apic enabled
[    0.361692] Switched APIC routing to physical x2apic.
[    0.364597] ..TIMER: vector=0x30 apic1=0 pin1=2 apic2=-1 pin2=-1
[    0.474274] smpboot: CPU0: Intel(R) Core(TM) i5-7200U CPU @ 2.50GHz (family: 0x6, model: 0x8e, stepping: 0x9)
[    0.477386] Performance Events: unsupported p6 CPU model 142 no PMU driver, software events only.
[    0.492897] KVM setup paravirtual spinlock
[    0.494823] x86: Booting SMP configuration:
[    0.496134] .... node  #0, CPUs:      #1
[    0.497460] kvm-clock: cpu 1, msr 0:3ffe3041, secondary cpu clock
[    0.500969] mce: CPU supports 0 MCE banks
[    0.504103] x86: Booted up 1 node, 2 CPUs
[    0.505575] smpboot: Total of 2 processors activated (10848.00 BogoMIPS)
[    0.507945] devtmpfs: initialized
[    0.510876] evm: security.selinux
[    0.511939] evm: security.SMACK64
[    0.513051] evm: security.SMACK64EXEC
[    0.514269] evm: security.SMACK64TRANSMUTE
[    0.515524] evm: security.SMACK64MMAP
[    0.516740] evm: security.ima
[    0.518010] evm: security.capability
[    0.519732] clocksource: jiffies: mask: 0xffffffff max_cycles: 0xffffffff, max_idle_ns: 7645041785100000 ns
[    0.523182] futex hash table entries: 512 (order: 3, 32768 bytes)
[    0.525479] pinctrl core: initialized pinctrl subsystem
[    0.527785] RTC time: 11:42:56, date: 01/27/20
[    0.529652] NET: Registered protocol family 16
[    0.543710] cpuidle: using governor ladder
[    0.555484] cpuidle: using governor menu
[    0.557087] PCCT header not found.
[    0.558818] ACPI: bus type PCI registered
[    0.560374] acpiphp: ACPI Hot Plug PCI Controller Driver version: 0.5
[    0.562489] PCI: Using configuration type 1 for base access
[    0.576885] ACPI: Added _OSI(Module Device)
[    0.578672] ACPI: Added _OSI(Processor Device)
[    0.580149] ACPI: Added _OSI(3.0 _SCP Extensions)
[    0.581863] ACPI: Added _OSI(Processor Aggregator Device)
[    0.584792] ACPI: Executed 1 blocks of module-level executable AML code
[    0.590075] ACPI: Interpreter enabled
[    0.591678] ACPI: (supports S0 S5)
[    0.593053] ACPI: Using IOAPIC for interrupt routing
[    0.595247] PCI: Using host bridge windows from ACPI; if necessary, use "pci=nocrs" and report a bug
[    0.604094] ACPI: PCI Root Bridge [PCI0] (domain 0000 [bus 00-ff])
[    0.606183] acpi PNP0A03:00: _OSC: OS supports [ASPM ClockPM Segments MSI]
[    0.608520] acpi PNP0A03:00: _OSC: not requesting OS control; OS requires [ExtendedConfig ASPM ClockPM MSI]
[    0.611735] acpi PNP0A03:00: fail to add MMCONFIG information, can't access extended PCI configuration space under this bridge.
[    0.616584] PCI host bridge to bus 0000:00
[    0.617993] pci_bus 0000:00: root bus resource [io  0x0000-0x0cf7 window]
[    0.619811] pci_bus 0000:00: root bus resource [io  0x0d00-0xffff window]
[    0.621707] pci_bus 0000:00: root bus resource [mem 0x000a0000-0x000bffff window]
[    0.623923] pci_bus 0000:00: root bus resource [mem 0x40000000-0xfdffffff window]
[    0.626116] pci_bus 0000:00: root bus resource [bus 00-ff]
[    0.629843] pci 0000:00:01.1: legacy IDE quirk: reg 0x10: [io  0x01f0-0x01f7]
[    0.631731] pci 0000:00:01.1: legacy IDE quirk: reg 0x14: [io  0x03f6]
[    0.633411] pci 0000:00:01.1: legacy IDE quirk: reg 0x18: [io  0x0170-0x0177]
[    0.635241] pci 0000:00:01.1: legacy IDE quirk: reg 0x1c: [io  0x0376]
[    0.674253] pci 0000:00:07.0: quirk: [io  0x4000-0x403f] claimed by PIIX4 ACPI
[    0.676581] pci 0000:00:07.0: quirk: [io  0x4100-0x410f] claimed by PIIX4 SMB
[    0.692655] ACPI: PCI Interrupt Link [LNKA] (IRQs 5 9 10 *11)
[    0.695224] ACPI: PCI Interrupt Link [LNKB] (IRQs 5 9 *10 11)
[    0.697561] ACPI: PCI Interrupt Link [LNKC] (IRQs 5 *9 10 11)
[    0.699718] ACPI: PCI Interrupt Link [LNKD] (IRQs 5 9 10 *11)
[    0.702065] ACPI: Enabled 2 GPEs in block 00 to 07
[    0.704040] vgaarb: setting as boot device: PCI:0000:00:02.0
[    0.705564] vgaarb: device added: PCI:0000:00:02.0,decodes=io+mem,owns=io+mem,locks=none
[    0.708036] vgaarb: loaded
[    0.708998] vgaarb: bridge control possible 0000:00:02.0
[    0.710773] SCSI subsystem initialized
[    0.712116] ACPI: bus type USB registered
[    0.713339] usbcore: registered new interface driver usbfs
[    0.714927] usbcore: registered new interface driver hub
[    0.716393] usbcore: registered new device driver usb
[    0.718394] PCI: Using ACPI for IRQ routing
[    0.720096] NetLabel: Initializing
[    0.721233] NetLabel:  domain hash size = 128
[    0.722509] NetLabel:  protocols = UNLABELED CIPSOv4
[    0.726884] NetLabel:  unlabeled traffic allowed by default
[    0.728777] amd_nb: Cannot enumerate AMD northbridges
[    0.730393] clocksource: Switched to clocksource kvm-clock
[    0.744496] AppArmor: AppArmor Filesystem Enabled
[    0.745979] pnp: PnP ACPI init
[    0.748029] pnp: PnP ACPI: found 3 devices
[    0.761358] clocksource: acpi_pm: mask: 0xffffff max_cycles: 0xffffff, max_idle_ns: 2085701024 ns
[    0.763896] NET: Registered protocol family 2
[    0.765339] TCP established hash table entries: 8192 (order: 4, 65536 bytes)
[    0.767223] TCP bind hash table entries: 8192 (order: 5, 131072 bytes)
[    0.769040] TCP: Hash tables configured (established 8192 bind 8192)
[    0.770750] UDP hash table entries: 512 (order: 2, 16384 bytes)
[    0.772406] UDP-Lite hash table entries: 512 (order: 2, 16384 bytes)
[    0.774097] NET: Registered protocol family 1
[    0.775475] pci 0000:00:00.0: Limiting direct PCI/PCI transfers
[    0.777092] pci 0000:00:01.0: Activating ISA DMA hang workarounds
[    0.778852] Unpacking initramfs...
[    1.062846] Freeing initrd memory: 14828K
[    1.065297] clocksource: tsc: mask: 0xffffffffffffffff max_cycles: 0x2717868ea45, max_idle_ns: 440795316085 ns
[    1.069174] platform rtc_cmos: registered platform RTC device (no PNP device found)
[    1.073262] Scanning for low memory corruption every 60 seconds
[    1.079748] audit: initializing netlink subsys (disabled)
[    1.082754] audit: type=2000 audit(1580125382.840:1): initialized
[    1.084904] Initialise system trusted keyring
[    1.086484] HugeTLB registered 2 MB page size, pre-allocated 0 pages
[    1.089488] zbud: loaded
[    1.090786] VFS: Disk quotas dquot_6.6.0
[    1.092094] VFS: Dquot-cache hash table entries: 512 (order 0, 4096 bytes)
[    1.094115] squashfs: version 4.0 (2009/01/31) Phillip Lougher
[    1.096189] fuse init (API version 7.23)
[    1.097484] Key type big_key registered
[    1.098722] Allocating IMA MOK and blacklist keyrings.
[    1.101912] Key type asymmetric registered
[    1.103214] Asymmetric key parser 'x509' registered
[    1.104614] Block layer SCSI generic (bsg) driver version 0.4 loaded (major 249)
[    1.106921] io scheduler noop registered
[    1.108080] io scheduler deadline registered (default)
[    1.109547] io scheduler cfq registered
[    1.110842] pci_hotplug: PCI Hot Plug PCI Core version: 0.5
[    1.112369] pciehp: PCI Express Hot Plug Controller Driver version: 0.4
[    1.114235] ACPI: AC Adapter [AC] (on-line)
[    1.115529] input: Power Button as /devices/LNXSYSTM:00/LNXPWRBN:00/input/input0
[    1.117583] ACPI: Power Button [PWRF]
[    1.118724] input: Sleep Button as /devices/LNXSYSTM:00/LNXSLPBN:00/input/input1
[    1.120998] ACPI: Sleep Button [SLPF]
[    1.123279] ACPI: Battery Slot [BAT0] (battery present)
[    1.124871] GHES: HEST is not enabled!
[    1.126235] Serial: 8250/16550 driver, 32 ports, IRQ sharing enabled
[    1.148720] 00:02: ttyS0 at I/O 0x3f8 (irq = 4, base_baud = 115200) is a 16550A
[    1.152087] Linux agpgart interface v0.103
[    1.155246] loop: module loaded
[    1.156998] scsi host0: ata_piix
[    1.158241] scsi host1: ata_piix
[    1.159365] ata1: PATA max UDMA/33 cmd 0x1f0 ctl 0x3f6 bmdma 0xd000 irq 14
[    1.161178] ata2: PATA max UDMA/33 cmd 0x170 ctl 0x376 bmdma 0xd008 irq 15
[    1.163259] libphy: Fixed MDIO Bus: probed
[    1.164599] tun: Universal TUN/TAP device driver, 1.6
[    1.166051] tun: (C) 1999-2004 Max Krasnyansky <maxk@qualcomm.com>
[    1.167683] PPP generic driver version 2.4.2
[    1.168854] ehci_hcd: USB 2.0 'Enhanced' Host Controller (EHCI) Driver
[    1.170352] ehci-pci: EHCI PCI platform driver
[    1.172038] ehci-platform: EHCI generic platform driver
[    1.173343] ohci_hcd: USB 1.1 'Open' Host Controller (OHCI) Driver
[    1.174782] ohci-pci: OHCI PCI platform driver
[    1.175970] ohci-platform: OHCI generic platform driver
[    1.177552] uhci_hcd: USB Universal Host Controller Interface driver
[    1.179352] i8042: PNP: PS/2 Controller [PNP0303:PS2K,PNP0f03:PS2M] at 0x60,0x64 irq 1,12
[    1.182317] serio: i8042 KBD port at 0x60,0x64 irq 1
[    1.183834] serio: i8042 AUX port at 0x60,0x64 irq 12
[    1.185393] mousedev: PS/2 mouse device common for all mice
[    1.187538] rtc_cmos rtc_cmos: rtc core: registered rtc_cmos as rtc0
[    1.189298] rtc_cmos rtc_cmos: alarms up to one day, 114 bytes nvram
[    1.190958] i2c /dev entries driver
[    1.192154] device-mapper: uevent: version 1.0.3
[    1.193486] input: AT Translated Set 2 keyboard as /devices/platform/i8042/serio0/input/input2
[    1.196186] device-mapper: ioctl: 4.34.0-ioctl (2015-10-28) initialised: dm-devel@redhat.com
[    1.198682] ledtrig-cpu: registered to indicate activity on CPUs
[    1.200829] NET: Registered protocol family 10
[    1.202423] NET: Registered protocol family 17
[    1.203787] Key type dns_resolver registered
[    1.205267] registered taskstats version 1
[    1.206542] Loading compiled-in X.509 certificates
[    1.208521] Loaded X.509 cert 'Build time autogenerated kernel key: f0e56e97f406068ace47a9bf54316e9855aaaa43'
[    1.211270] zswap: loaded using pool lzo/zbud
[    1.214775] Key type trusted registered
[    1.219693] Key type encrypted registered
[    1.221026] AppArmor: AppArmor sha1 policy hashing enabled
[    1.222487] ima: No TPM chip found, activating TPM-bypass!
[    1.224069] ima: Allocated hash algorithm: sha1
[    1.225381] evm: HMAC attrs: 0x1
[    1.226907]   Magic number: 4:847:732
[    1.228227] rtc_cmos rtc_cmos: setting system clock to 2020-01-27 11:42:57 UTC (1580125377)
[    1.230808] BIOS EDD facility v0.16 2004-Jun-25, 0 devices found
[    1.232385] EDD information not available.
[    2.006297] Freeing unused kernel memory: 1488K
[    2.007928] Write protecting the kernel read-only data: 14336k
[    2.010468] Freeing unused kernel memory: 1604K
[    2.011979] Freeing unused kernel memory: 60K
Loading, please wait...
starting version 229
[    2.038368] random: systemd-udevd: uninitialized urandom read (16 bytes read, 3 bits of entropy available)
[    2.039604] random: udevadm: uninitialized urandom read (16 bytes read, 3 bits of entropy available)
[    2.039650] random: udevadm: uninitialized urandom read (16 bytes read, 3 bits of entropy available)
[    2.052193] random: systemd-udevd: uninitialized urandom read (16 bytes read, 3 bits of entropy available)
[    2.055692] random: systemd-udevd: uninitialized urandom read (16 bytes read, 3 bits of entropy available)
[    2.059901] random: systemd-udevd: uninitialized urandom read (16 bytes read, 3 bits of entropy available)
[    2.061345] random: udevadm: uninitialized urandom read (16 bytes read, 3 bits of entropy available)
[    2.061427] random: udevadm: uninitialized urandom read (16 bytes read, 3 bits of entropy available)
[    2.061653] random: udevadm: uninitialized urandom read (16 bytes read, 3 bits of entropy available)
[    2.061758] random: udevadm: uninitialized urandom read (16 bytes read, 3 bits of entropy available)
[    2.149008] e1000: Intel(R) PRO/1000 Network Driver - version 7.3.21-k8-NAPI
[    2.150702] e1000: Copyright (c) 1999-2006 Intel Corporation.
[    2.154269] Fusion MPT base driver 3.04.20
[    2.155474] Copyright (c) 1999-2008 LSI Corporation
[    2.165201] Fusion MPT SPI Host driver 3.04.20
[    2.170432] mptbase: ioc0: Initiating bringup
[    2.172836] AVX2 version of gcm_enc/dec engaged.
[    2.174021] AES CTR mode by8 optimization enabled
[    2.248133] ioc0: LSI53C1030 A0: Capabilities={Initiator}
[    2.940834] input: ImExPS/2 Generic Explorer Mouse as /devices/platform/i8042/serio1/input/input4
[    3.981857] scsi host2: ioc0: LSI53C1030 A0, FwRev=00000000h, Ports=1, MaxQ=256, IRQ=20
[    4.485963] scsi 2:0:0:0: Direct-Access     VBOX     HARDDISK         1.0  PQ: 0 ANSI: 5
[    4.489424] scsi target2:0:0: Beginning Domain Validation
[    4.494920] scsi target2:0:0: Domain Validation skipping write tests
[    4.496484] scsi target2:0:0: Ending Domain Validation
[    4.497819] scsi target2:0:0: asynchronous
[    4.499790] scsi 2:0:1:0: Direct-Access     VBOX     HARDDISK         1.0  PQ: 0 ANSI: 5
[    4.502075] scsi target2:0:1: Beginning Domain Validation
[    4.507343] scsi target2:0:1: Domain Validation skipping write tests
[    4.508818] scsi target2:0:1: Ending Domain Validation
[    4.510162] scsi target2:0:1: asynchronous
[    4.518275] sd 2:0:0:0: Attached scsi generic sg0 type 0
[    4.519822] sd 2:0:0:0: [sda] 20971520 512-byte logical blocks: (10.7 GB/10.0 GiB)
[    4.539070] sd 2:0:1:0: Attached scsi generic sg1 type 0
[    4.539171] sd 2:0:1:0: [sdb] 20480 512-byte logical blocks: (10.5 MB/10.0 MiB)
[    4.545139] sd 2:0:0:0: [sda] Write Protect is off
[    4.547398] sd 2:0:0:0: [sda] Incomplete mode parameter data
[    4.549442] sd 2:0:0:0: [sda] Assuming drive cache: write through
[    4.549804] sd 2:0:1:0: [sdb] Write Protect is off
[    4.550154] sd 2:0:1:0: [sdb] Incomplete mode parameter data
[    4.550156] sd 2:0:1:0: [sdb] Assuming drive cache: write through
[    4.562641]  sda: sda1
[    4.565290] sd 2:0:1:0: [sdb] Attached SCSI disk
[    4.566783] sd 2:0:0:0: [sda] Attached SCSI disk
[    5.033839] e1000 0000:00:03.0 eth0: (PCI:33MHz:32-bit) 02:dd:45:a7:5d:a0
[    5.037362] e1000 0000:00:03.0 eth0: Intel(R) PRO/1000 Network Connection
[    5.985003] e1000 0000:00:08.0 eth1: (PCI:33MHz:32-bit) 08:00:27:d5:51:ae
[    5.987101] e1000 0000:00:08.0 eth1: Intel(R) PRO/1000 Network Connection
[    5.990587] e1000 0000:00:03.0 enp0s3: renamed from eth0
[    6.007912] e1000 0000:00:08.0 enp0s8: renamed from eth1
Begin: Loading essential drivers ... [    7.551668] md: linear personality registered for level -1
[    7.556281] md: multipath personality registered for level -4
[    7.560923] md: raid0 personality registered for level 0
[    7.567047] md: raid1 personality registered for level 1
[    7.638595] raid6: sse2x1   gen() 10521 MB/s
[    7.706905] raid6: sse2x1   xor()  7892 MB/s
[    7.774621] raid6: sse2x2   gen() 12628 MB/s
[    7.842474] raid6: sse2x2   xor()  8937 MB/s
[    7.910792] raid6: sse2x4   gen() 14465 MB/s
[    7.978596] raid6: sse2x4   xor()  9808 MB/s
[    8.046624] raid6: avx2x1   gen() 15171 MB/s
[    8.114759] raid6: avx2x2   gen() 14850 MB/s
[    8.182581] raid6: avx2x4   gen() 25502 MB/s
[    8.183783] raid6: using algorithm avx2x4 gen() 25502 MB/s
[    8.185319] raid6: using avx2x2 recovery algorithm
[    8.189095] xor: automatically using best checksumming function:
[    8.230456]    avx       : 14259.000 MB/sec
[    8.237797] async_tx: api initialized (async)
[    8.252299] md: raid6 personality registered for level 6
[    8.254368] md: raid5 personality registered for level 5
[    8.256152] md: raid4 personality registered for level 4
[    8.267545] md: raid10 personality registered for level 10
done.
Begin: Running /scripts/init-premount ... done.
Begin: Mounting root file system ... Begin: Running /scripts/local-top ... done.
Begin: Running /scripts/local-premount ... [    8.309468] Btrfs loaded
Scanning for Btrfs filesystems
done.
Warning: fsck not present, so skipping root file system
[    8.342978] EXT4-fs (sda1): mounted filesystem with ordered data mode. Opts: (null)
done.
Begin: Running /scripts/local-bottom ... done.
Begin: Running /scripts/init-bottom ... done.
[    8.454927] systemd[1]: systemd 229 running in system mode. (+PAM +AUDIT +SELINUX +IMA +APPARMOR +SMACK +SYSVINIT +UTMP +LIBCRYPTSETUP +GCRYPT +GNUTLS +ACL +XZ -LZ4 +SECCOMP +BLKID +ELFUTILS +KMOD -IDN)
[    8.459662] systemd[1]: Detected virtualization oracle.
[    8.461182] systemd[1]: Detected architecture x86-64.

Welcome to [1mUbuntu 16.04.6 LTS[0m!

[    8.475762] systemd[1]: Set hostname to <ubuntu>.
[    8.480504] systemd[1]: Initializing machine ID from random generator.
[    8.482162] systemd[1]: Installed transient /etc/machine-id file.
[    8.642678] systemd[1]: Reached target System Time Synchronized.
[[0;32m  OK  [0m] Reached target System Time Synchronized.
[    8.645509] systemd[1]: Listening on /dev/initctl Compatibility Named Pipe.
[[0;32m  OK  [0m] Listening on /dev/initctl Compatibility Named Pipe.
[    8.648919] systemd[1]: Listening on udev Control Socket.
[[0;32m  OK  [0m] Listening on udev Control Socket.
[    8.652603] systemd[1]: Listening on LVM2 metadata daemon socket.
[[0;32m  OK  [0m] Listening on LVM2 metadata daemon socket.
[    8.655492] systemd[1]: Listening on LVM2 poll daemon socket.
[[0;32m  OK  [0m] Listening on LVM2 poll daemon socket.
[    8.658285] systemd[1]: Listening on Syslog Socket.
[[0;32m  OK  [0m] Listening on Syslog Socket.
[    8.660765] systemd[1]: Listening on Journal Socket (/dev/log).
[[0;32m  OK  [0m] Listening on Journal Socket (/dev/log).
[    8.663782] systemd[1]: Set up automount Arbitrary Executable File Formats File System Automount Point.
[[0;32m  OK  [0m] Set up automount Arbitrary Executab...ats File System Automount Point.
[    8.667912] systemd[1]: Listening on Journal Audit Socket.
[[0;32m  OK  [0m] Listening on Journal Audit Socket.
[    8.670544] systemd[1]: Listening on Journal Socket.
[[0;32m  OK  [0m] Listening on Journal Socket.
[    8.673501] systemd[1]: Created slice System Slice.
[[0;32m  OK  [0m] Created slice System Slice.
[    8.686647] systemd[1]: Starting Journal Service...
         Starting Journal Service...
[    8.690100] systemd[1]: Created slice system-serial\x2dgetty.slice.
[[0;32m  OK  [0m] Created slice system-serial\x2dgetty.slice.
[    8.693985] systemd[1]: Starting Uncomplicated firewall...
         Starting Uncomplicated firewall...
[    8.704583] systemd[1]: Starting Set console keymap...
         Starting Set console keymap...
[    8.708332] systemd[1]: Starting Remount Root and Kernel File Systems...
         Starting Remount Root and Kernel File Systems...
[    8.714282] EXT4-fs (sda1): re-mounted. Opts: (null)
[    8.717548] systemd[1]: Starting Load Kernel Modules...
         Starting Load Kernel Modules...
[    8.724033] systemd[1]: Starting Nameserver information manager...
         Starting Nameserver information manager...
[    8.728561] systemd[1]: Mounting Debug File System...
         Mounting Debug File System...
[    8.732981] systemd[1]: Created slice User and Session Slice.
[[0;32m  OK  [0m] Created slice User and Session Slice.
[    8.736036] systemd[1]: Reached target Slices.
[[0;32m  OK  [0m] Reached target Slices.
[    8.738662] systemd[1]: Reached target Swap.
[[0;32m  OK  [0m] Reached target Swap.
[    8.741390] systemd[1]: Listening on udev Kernel Socket.
[[0;32m  OK  [0m] Listening on udev Kernel Socket.
[    8.745309] Loading iSCSI transport class v2.0-870.
[    8.745927] systemd[1]: Mounting POSIX Message Queue File System...
         Mounting POSIX Message Queue File System...
[    8.751250] systemd[1]: Listening on Device-mapper event daemon FIFOs.
[[0;32m  OK  [0m] Listening on Device-mapper event daemon FIFOs.
[    8.755729] systemd[1]: Starting Monitoring of LVM2 mirrors, snapshots etc. using dmeventd or progress polling...
         Starting Monitoring of LVM2 mirrors... dmeventd or progress polling...
[    8.761530] systemd[1]: Reached target User and Group Name Lookups.
[[0;32m  OK  [0m] Reached target User and Group Name Lookups.
[    8.765165] systemd[1]: Starting Create list of required static device nodes for the current kernel...
         Starting Create list of required st... nodes for the current kernel...
[    8.773911] systemd[1]: Mounting Huge Pages File System...
         Mounting Huge Pages File System...
[    8.776884] systemd[1]: Started Trigger resolvconf update for networkd DNS.
[[0;32m  OK  [0m] Started Trigger resolvconf update for networkd DNS.
[    8.780260] systemd[1]: Reached target Encrypted Volumes.
[[0;32m  OK  [0m] Reached target Encrypted Volumes.
[    8.783394] systemd[1]: Started Forward Password Requests to Wall Directory Watch.
[[0;32m  OK  [0m] Started Forward Password Requests to Wall Directory Watch.
[    8.790185] systemd[1]: Mounted POSIX Message Queue File System.
[[0;32m  OK  [0m] Mounted POSIX Message Queue File System.
[    8.794450] systemd[1]: Mounted Debug File System.
[[0;32m  OK  [0m] Mounted Debug File System.
[    8.797299] systemd[1]: Mounted Huge Pages File System.
[    8.798145] iscsi: registered transport (tcp)
[[0;32m  OK  [0m] Mounted Huge Pages File System.
[    8.801610] systemd[1]: Started Journal Service.
[[0;32m  OK  [0m] Started Journal Service.
[[0;32m  OK  [0m] Started Uncomplicated firewall.
[[0;32m  OK  [0m] Started Remount Root and Kernel File Systems.
[[0;32m  OK  [0m] Started Create list of required sta...ce nodes for the current kernel.
[[0;32m  OK  [0m] Started Nameserver information manager.
[[0;32m  OK  [0m] Started LVM2 metadata daemon.
[    8.846130] iscsi: registered transport (iser)
         Starting Create Static Device Nodes in /dev...
         Starting udev Coldplug all Devices...
         Starting Load/Save Random Seed...
         Starting Flush Journal to Persistent Storage...
[[0;32m  OK  [0m] Started Load Kernel Modules.
         Starting Apply Kernel Variables...
         Mounting FUSE Control File System...
[[0;32m  OK  [0m] Started Load/Save Random Seed.
[[0;32m  OK  [0m] Mounted FUSE Control File System.
[    8.901215] systemd-journald[367]: Received request to flush runtime journal from PID 1
[[0;32m  OK  [0m] Started Flush Journal to Persistent Storage.
[[0;32m  OK  [0m] Started Create Static Device Nodes in /dev.
[[0;32m  OK  [0m] Started Apply Kernel Variables.
         Starting udev Kernel Device Manager...
[[0;32m  OK  [0m] Started Set console keymap.
[[0;32m  OK  [0m] Started Monitoring of LVM2 mirrors,...ng dmeventd or progress polling.
[[0;32m  OK  [0m] Reached target Local File Systems (Pre).
[[0;32m  OK  [0m] Reached target Local File Systems.
         Starting Commit a transient machine-id on disk...
         Starting Set console font and keymap...
         Starting Tell Plymouth To Write Out Runtime Data...
         Starting LSB: AppArmor initialization...
         Starting Create Volatile Files and Directories...
         Starting Initial cloud-init job (pre-networking)...
[[0;32m  OK  [0m] Started Tell Plymouth To Write Out Runtime Data.
[[0;32m  OK  [0m] Started Create Volatile Files and Directories.
[[0;32m  OK  [0m] Started Commit a transient machine-id on disk.
         Starting Update UTMP about System Boot/Shutdown...
[[0;32m  OK  [0m] Started udev Kernel Device Manager.
[[0;32m  OK  [0m] Started Update UTMP about System Boot/Shutdown.
[[0;32m  OK  [0m] Started udev Coldplug all Devices.
[[0;32m  OK  [0m] Started Dispatch Password Requests to Console Directory Watch.
[[0;32m  OK  [0m] Found device /dev/ttyS0.
[[0;32m  OK  [0m] Listening on Load/Save RF Kill Switch Status /dev/rfkill Watch.
[   10.985381] cloud-init[480]: Cloud-init v. 19.2-36-g059d049c-0ubuntu2~16.04.1 running 'init-local' at Mon, 27 Jan 2020 11:43:06 +0000. Up 10.26 seconds.
[[0;32m  OK  [0m] Started Initial cloud-init job (pre-networking).
[[0;32m  OK  [0m] Reached target Network (Pre).
[[0;32m  OK  [0m] Started LSB: AppArmor initialization.
         Starting Raise network interfaces...
[[0;32m  OK  [0m] Started Set console font and keymap.
[[0;32m  OK  [0m] Created slice system-getty.slice.
[[0;32m  OK  [0m] Started Raise network interfaces.
[[0;32m  OK  [0m] Reached target Network.
         Starting Initial cloud-init job (metadata service crawler)...
[   13.285245] cloud-init[973]: Cloud-init v. 19.2-36-g059d049c-0ubuntu2~16.04.1 running 'init' at Mon, 27 Jan 2020 11:43:09 +0000. Up 12.55 seconds.
[   13.287273] cloud-init[973]: ci-info: ++++++++++++++++++++++++++++++++++++++Net device info+++++++++++++++++++++++++++++++++++++++
[   13.300770] cloud-init[973]: ci-info: +--------+-------+----------------------------+---------------+--------+-------------------+
[   13.302675] cloud-init[973]: ci-info: | Device |   Up  |          Address           |      Mask     | Scope  |     Hw-Address    |
[   13.312472] cloud-init[973]: ci-info: +--------+-------+----------------------------+---------------+--------+-------------------+
[   13.314599] cloud-init[973]: ci-info: | enp0s3 |  True |         10.0.2.15          | 255.255.255.0 | global | 02:dd:45:a7:5d:a0 |
[   13.316655] cloud-init[973]: ci-info: | enp0s3 |  True | fe80::dd:45ff:fea7:5da0/64 |       .       |  link  | 02:dd:45:a7:5d:a0 |
[   13.319703] cloud-init[973]: ci-info: | enp0s8 | False |             .              |       .       |   .    | 08:00:27:d5:51:ae |
[   13.322338] cloud-init[973]: ci-info: |   lo   |  True |         127.0.0.1          |   255.0.0.0   |  host  |         .         |
[   13.324521] cloud-init[973]: ci-info: |   lo   |  True |          ::1/128           |       .       |  host  |         .         |
[   13.329609] cloud-init[973]: ci-info: +--------+-------+----------------------------+---------------+--------+-------------------+
[   13.340808] cloud-init[973]: ci-info: +++++++++++++++++++++++++++Route IPv4 info++++++++++++++++++++++++++++
[   13.342460] cloud-init[973]: ci-info: +-------+-------------+----------+---------------+-----------+-------+
[   13.344388] cloud-init[973]: ci-info: | Route | Destination | Gateway  |    Genmask    | Interface | Flags |
[   13.346081] cloud-init[973]: ci-info: +-------+-------------+----------+---------------+-----------+-------+
[   13.349097] cloud-init[973]: ci-info: |   0   |   0.0.0.0   | 10.0.2.2 |    0.0.0.0    |   enp0s3  |   UG  |
[   13.356392] cloud-init[973]: ci-info: |   1   |   10.0.2.0  | 0.0.0.0  | 255.255.255.0 |   enp0s3  |   U   |
[   13.358094] cloud-init[973]: ci-info: +-------+-------------+----------+---------------+-----------+-------+
[   13.359863] cloud-init[973]: ci-info: +++++++++++++++++++Route IPv6 info+++++++++++++++++++
[   13.361389] cloud-init[973]: ci-info: +-------+-------------+---------+-----------+-------+
[   13.362943] cloud-init[973]: ci-info: | Route | Destination | Gateway | Interface | Flags |
[   13.376688] [[0;32m  OK  [0m] Started Initial cloud-init job (metadata service crawler).
[[0;32m  OK  [0m] Reached target Network is Online.
cloud-init[973]: ci-info: +-------+-------------+---------+-----------+-------+
[   13.379974] cloud-init[973]: ci-info: |   0   |  fe80::/64  |    ::   |   enp0s3  |   U   |
[   13.381025] cloud-init[973]: ci-info: |   3   |   ff00::/8  |    ::   |   enp0s3  |   U   |
[   13.381941] cloud-init[973]: ci-info: +-------+-------------+---------+-----------+-------+
[   13.382860] cloud-init[973]: Generating public/private rsa key pair.
[   13.384747] cloud-init[973]: Your identification has been saved in /etc/ssh/ssh_host_rsa_key.
[   13.386397] cloud-init[973]: Your public key has been saved in /etc/ssh/ssh_host_rsa_key.pub.
[   13.388157]          cloud-initStarting iSCSI initiator daemon (iscsid)...[973]: 
The key fingerprint is:
[   13.391279] cloud-init[973]: SHA256:3bxB9xVC72gmFi1iekykxVupvY/e5LnAuNmv7h4AouA root@ubuntu-xenial
[   13.395617] cloud-init[973]: The key's randomart image is:
[[0;32m  OK  [0m] Reached target Cloud-config availability.
[[0;32m  OK  [0m] Reached target System Initialization.
[   13.398153] cloud-init[[0;32m  OK  [0m] Started ACPI Events Check.
[[0;32m  OK  [0m] Reached target Paths.
[[0;32m  OK  [0m] Started Daily apt download activities.
[[0;32m  OK  [0m] Listening on ACPID Listen Socket.
[[0;32m  OK  [0m] Started Daily apt upgrade and clean activities.
         Starting LXD - unix socket.
[[0;32m  OK  [0m] Listening on D-Bus System Message Bus Socket.
[[0;32m  OK  [0m] Started Message of the Day.
[[0;32m  OK  [0m] Listening on UUID daemon activation socket.
[973]: +---[RSA 2048]----+
[[0;32m  OK  [0m] Started Daily Cleanup of Temporary Directories.
[[0;32m  OK  [0m] Reached target Timers.
         Starting Socket activation for snappy daemon.
[[0;32m  OK  [0m] Listening on LXD - unix socket.
[[0;32m  OK  [0m] Listening on Socket activation for snappy daemon.
[[0;32m  OK  [0m] Reached target Sockets.
[[0;32m  OK  [0m] Reached target Basic System.
         Starting Accounts Service...
[   13.410837] [[0;32m  OK  [0m] Started ACPI event daemon.
         Starting LXD - container startup/shutdown...
[[0;32m  OK  [0m] Started D-Bus System Message Bus.
cloud-init[973]: |        .o  oo . |
[   13.426385] cloud-init[973]: |        +. o. o .|
[   13.428640] cloud-init[973]: | .   . o +=o.....|
[   13.430406] cloud-init[973]: |. . . . *+.=o.o..|
[   13.436462] cloud-init[973]: | E .   .S+.o=+ ..|
[   13.438447] cloud-init[973]: |        . =.+o   |
[   13.439486] cloud-init[973]: |         . ++.   |
[   13.440742] cloud-init[973]: |          +.*..  |
[   13.441984] cloud-init[973]: |         o=Bo*.  |
[   13.443360] cloud-init[973]: +----[SHA256]-----+
[   13.444984] cloud-init[973]: Generating public/private dsa key pair.
[   13.446480] cloud-init[973]: Your identification has been saved in /etc/ssh/ssh_host_dsa_key.
[   13.448057] cloud-init[973]: Your public key has been saved in /etc/ssh/ssh_host_dsa_key.pub.
[   13.449520] cloud-init[973]: The key fingerprint is:
[   13.450527] cloud-init[973]: SHA256:N9++8MzjIuLl/Na/tb/mdnP/bTUTC3ys/jquzRuZ2YM root@ubuntu-xenial
[   13.452307] cloud-init[973]: The key's randomart image is:
[   13.453725] cloud-init[973]: +---[DSA 1024]----+
[   13.460788] cloud-init[973]: |                 |
[   13.463284] cloud-init[973]: |                 |
[   13.466288] cloud-init[973]: |            . .  |
[   13.467877] cloud-init[973]: |             o + |
[   13.469473] cloud-init[973]: |        S o   + o|
[   13.470989] cloud-init[973]: |         . o o*+.|
[   13.472721] cloud-init[973]: |          . +E.o=|
[   13.474422] cloud-init[973]: |        .+. =O++O|
[   13.476106] cloud-init[973]: |       ...o=+O/@/|
[   13.477656] cloud-init[973]: +----[SHA256]-----+
[   13.479306] cloud-init[973]: Generating public/private ecdsa key pair.
[   13.481810] cloud-init[973]: Your identification has been saved in /etc/ssh/ssh_host_ecdsa_key.
[   13.485566] cloud-init[973]: Your public key has been saved in /etc/ssh/ssh_host_ecdsa_key.pub.
         Starting /etc/rc.local Compatibility...
[   13.499001] cloud-init[973]: The key fingerprint is:
         [   13.502467] cloud-init[973]: SHA256:iuwIfg+VSeOxJ73ZZrcB9gv+UO9O2AQUn2SyXjuEe6c root@ubuntu-xenial
[   13.503974] cloud-init[973]: The key's randomart image is:
[   13.504892] cloud-init[973]: Starting Login Service...
+---[ECDSA 256]---+
[   13.516611] cloud-init[973]: |           +.o   |
         Starting LSB: Record successful boot for GRUB...
[[0;32m  OK  [0m] Started Deferred execution scheduler.
[   13.525806] cloud-init[973]: |          . B .  |[[0;32m  OK  [0m] Started Regular background program processing daemon.
         Starting System Logging Service...
[[0;32m  OK  [0m] Started FUSE filesystem for LXC.
         Starting Virtualbox guest utils...

         Starting Pollinate to seed the pseudo random number generator...
[   13.545146] cloud-init[973]: |     +     + =   |
[   13.547866] cloud-init[973]: |    o B   . = .  |
[   13.548417] cloud-init[973]: |     B oSo + = . |
[   13.549356] cloud-init[973]: |   ...o.= + * +  |
[   13.550360] cloud-init[973]: |.  .o .o * = E   |
[   13.551274] cloud-init[973]: |.. +.   + + *    |
[   13.553191] cloud-init[973]: | .o o.   ..+.o   |
[   13.554122] cloud-init[973]: +----[SHA256]-----+
[   13.555546] cloud-init[973]: Generating public/private ed25519 key pair.
[   13.557013] cloud-init[973]: Your identification has been saved in /etc/ssh/ssh_host_ed25519_key.
[   13.558227] cloud-init[973]: Your public key has been saved in /etc/ssh/ssh_host_ed25519_key.pub.
[   13.559341] cloud-init[973]: The key fingerprint is:
[   13.561300] cloud-init[973]: SHA256:LFW+slUVhxDwrh6Z2XrYWcx4t2ffLVS3bR01ywV1eiE root@ubuntu-xenial
[   13.562221] cloud-init[973]: The key's randomart image is:
[   13.562616] cloud-init[973]: +--[ED25519 256]--+
[   13.563445] cloud-init[973]: |          o.oE+*+|
[   13.563758] cloud-init[973]: |         o . .o+=|
[   13.565422] cloud-init[973]: |        . . o o *|
[   13.565949] cloud-init[973]: |       o   +   =o|
[   13.567008] cloud-init[973]: |      . S o .+ .*|
[   13.567558] cloud-init[973]: |       . + *. *.=|
[   13.569292] cloud-init[973]: |        . *o.= o.|
[   13.570248] cloud-init[973]: |         ..o+ ..=|
[   13.570837] cloud-init[973]: |          o.   o*|
[   13.571780] cloud-init[973]: +----[SHA256]-----+
         Starting LSB: MD monitoring daemon...
         Starting Snappy daemon...
[[0;32m  OK  [0m] Started System Logging Service.
[[0;32m  OK  [0m] Started /etc/rc.local Compatibility.
[[0;32m  OK  [0m] Started iSCSI initiator daemon (iscsid).
         Starting Authenticate and Authorize Users to Run Privileged Tasks...
         Starting Login to default iSCSI targets...
[[0;32m  OK  [0m] Started LSB: Record successful boot for GRUB.
[[0;32m  OK  [0m] Started LXD - container startup/shutdown.
[[0;32m  OK  [0m] Started LSB: MD monitoring daemon.
[[0;32m  OK  [0m] Started Login Service.
[[0;32m  OK  [0m] Started Unattended Upgrades Shutdown.
[[0;32m  OK  [0m] Started Authenticate and Authorize Users to Run Privileged Tasks.
[[0;32m  OK  [0m] Started Accounts Service.
[[0;32m  OK  [0m] Started Login to default iSCSI targets.
[[0;32m  OK  [0m] Reached target Remote File Systems (Pre).
[[0;32m  OK  [0m] Reached target Remote File Systems.
         Starting LSB: daemon to balance interrupts for SMP systems...
         Starting LSB: Set the CPU Frequency Scaling governor to "ondemand"...
         Starting Permit User Sessions...
         Starting LSB: automatic crash report generation...
[[0;32m  OK  [0m] Started Virtualbox guest utils.
[[0;32m  OK  [0m] Started Permit User Sessions.
         Starting Terminate Plymouth Boot Screen...
         Starting Hold until boot process finishes up...
[[0;32m  OK  [0m] Started Terminate Plymouth Boot Screen.
[[0;32m  OK  [0m] Started Hold until boot process finishes up.
[[0;32m  OK  [0m] Started Serial Getty on ttyS0.
[[0;32m  OK  [0m] Started Getty on tty1.
[[0;32m  OK  [0m] Reached target Login Prompts.
         Starting Set console scheme...
[[0;32m  OK  [0m] Started LSB: Set the CPU Frequency Scaling governor to "ondemand".
[[0;32m  OK  [0m] Started Set console scheme.
[[0;32m  OK  [0m] Started LSB: daemon to balance interrupts for SMP systems.
[[0;32m  OK  [0m] Started LSB: automatic crash report generation.
[[0;32m  OK  [0m] Started Snappy daemon.
         Starting Wait until snapd is fully seeded...
[[0;32m  OK  [0m] Started Pollinate to seed the pseudo random number generator.
         Starting OpenBSD Secure Shell server...
[[0;32m  OK  [0m] Started OpenBSD Secure Shell server.
[[0;32m  OK  [0m] Started Wait until snapd is fully seeded.
         Starting Apply the settings specified in cloud-config...
[[0;32m  OK  [0m] Reached target Multi-User System.
[[0;32m  OK  [0m] Reached target Graphical Interface.
         Starting Update UTMP about System Runlevel Changes...
[[0;32m  OK  [0m] Started Update UTMP about System Runlevel Changes.
[   16.394594] cloud-init[1330]: Generating locales (this might take a while)...
[   17.611315] cloud-init[1330]:   en_US.UTF-8... done
[   17.613138] cloud-init[1330]: Generation complete.
[   18.072166] cloud-init[1330]: Cloud-init v. 19.2-36-g059d049c-0ubuntu2~16.04.1 running 'modules:config' at Mon, 27 Jan 2020 11:43:12 +0000. Up 16.23 seconds.
[[0;32m  OK  [0m] Started Apply the settings specified in cloud-config.
         Starting Execute cloud user/final scripts...
ci-info: no authorized ssh keys fingerprints found for user ubuntu.
<14>Jan 27 11:43:15 ec2: 
<14>Jan 27 11:43:15 ec2: #############################################################
<14>Jan 27 11:43:15 ec2: -----BEGIN SSH HOST KEY FINGERPRINTS-----
<14>Jan 27 11:43:15 ec2: 1024 SHA256:N9++8MzjIuLl/Na/tb/mdnP/bTUTC3ys/jquzRuZ2YM root@ubuntu-xenial (DSA)
<14>Jan 27 11:43:15 ec2: 256 SHA256:iuwIfg+VSeOxJ73ZZrcB9gv+UO9O2AQUn2SyXjuEe6c root@ubuntu-xenial (ECDSA)
<14>Jan 27 11:43:15 ec2: 256 SHA256:LFW+slUVhxDwrh6Z2XrYWcx4t2ffLVS3bR01ywV1eiE root@ubuntu-xenial (ED25519)
<14>Jan 27 11:43:15 ec2: 2048 SHA256:3bxB9xVC72gmFi1iekykxVupvY/e5LnAuNmv7h4AouA root@ubuntu-xenial (RSA)
<14>Jan 27 11:43:15 ec2: -----END SSH HOST KEY FINGERPRINTS-----
<14>Jan 27 11:43:15 ec2: #############################################################
-----BEGIN SSH HOST KEY KEYS-----
ecdsa-sha2-nistp256 AAAAE2VjZHNhLXNoYTItbmlzdHAyNTYAAAAIbmlzdHAyNTYAAABBBMZJndzOfcWMd6RxIQ1rirKD/44GRLUBfRUNc31CzxOK1K2cqMTo1Fd2mWnc+G/qeT0zpcF8Ycp5MZZJ1xBN01U= root@ubuntu-xenial
ssh-ed25519 AAAAC3NzaC1lZDI1NTE5AAAAILmaji80kfP91oTykP8AmLgyo3h7oE4NUNl/sWEPmxCF root@ubuntu-xenial
ssh-rsa AAAAB3NzaC1yc2EAAAADAQABAAABAQCg/Os8GXKcC83/n87jfV39lKxePMCIyIp8d2xyofGlFA8GqzoN3GzO2oZuUgQthXXMTYvb35Jvscu9aKOCHpmHsLyocj91aTbaZYZjvQQHuAOoX1P5se+v9seHdmPttlf4gLfe2/MNtbzGeuWPnwwpJfyUloYcmqqFItU8OpnNTsR1B+4hMAYzUyIfY1ykmpHifje9Ma8ZWBtwmeytIWfpRgHQ9ukWJ9VphiMI7z9QpjWaBWqvxyIZlR5O4AhkGdBi7OUUt8Iz6vPtyL8OJQaVYK72kK2x3AVXjxZXnoaLh50zxLrpnk1qSOtu1fUvUJ1kq3TEEbKFlJUe9tDARUw7 root@ubuntu-xenial
-----END SSH HOST KEY KEYS-----
[   18.842610] cloud-init[1374]: Cloud-init v. 19.2-36-g059d049c-0ubuntu2~16.04.1 running 'modules:final' at Mon, 27 Jan 2020 11:43:15 +0000. Up 18.56 seconds.
[   18.845878] cloud-init[1374]: ci-info: no authorized ssh keys fingerprints found for user ubuntu.
[   18.848028] cloud-init[1374]: Cloud-init v. 19.2-36-g059d049c-0ubuntu2~16.04.1 finished at Mon, 27 Jan 2020 11:43:15 +0000. Datasource DataSourceNoCloud [seed=/dev/sdb][dsmode=net].  Up 18.81 seconds
[[0;32m  OK  [0m] Created slice User Slice of vagrant.
         Starting User Manager for UID 1000...
[[0;32m  OK  [0m] Started Execute cloud user/final scripts.
[[0;32m  OK  [0m] Reached target Cloud-init target.
[[0;32m  OK  [0m] Started Session 1 of user vagrant.

Ubuntu 16.04.6 LTS ubuntu-xenial ttyS0

ubuntu-xenial login: 